=== EXP-OBS000032 G0-2: 取引所代表性 ===
Execution: 2026-07-05T10:27:57.347Z
DATA SOURCES:
  Binance: scripts/data/{symbol}-funding.csv（G0-1で取得）
  Bitget: https://api.bitget.com/api/v2/mix/market/history-fund-rate (pageSize=100)

METRICS:
  - Sign agreement: sign(Binance) == sign(Bitget) の割合 (%)
  - Pearson correlation: 水準相関（[-1, 1]）
  - Spearman correlation: 順位相関（[-1, 1]）
  - Level diff: (Bitget - Binance) の平均・標準偏差（8h単位・年率換算）

IMPORTANT NOTES:
  - Bitget無料API履歴は≈90日で枯渇（OBS000030実測）
  - テール窓（T1/T2/T3）は重複期間外のため、テール時取引所間乖離は観測不可
  - 本メトリクスは平時の代表性のみ示す

EXECUTION LOG:
[2026-07-05T10:27:57.352Z] === EXP-OBS000032 G0-2: 取引所代表性（Bitget vs Binance） ===
[2026-07-05T10:27:57.352Z] 開始時刻: 2026-07-05T10:27:57.347Z

[2026-07-05T10:27:57.352Z] 
======== BTCUSDT ========
[2026-07-05T10:27:57.352Z] Bitget BTCUSDT funding: ページング開始
[2026-07-05T10:27:57.544Z] Bitget BTCUSDT: page 1 100件（計100件）
[2026-07-05T10:27:57.797Z] Bitget BTCUSDT: page 2 100件（計200件）
[2026-07-05T10:27:58.040Z] Bitget BTCUSDT: page 3 70件（計270件）
[2026-07-05T10:27:58.040Z] Bitget BTCUSDT: ページネーション終了（70 < 100）
[2026-07-05T10:27:58.041Z] Bitget BTCUSDT: 合計270件取得
[2026-07-05T10:27:58.063Z] Bitget: 2026-04-06T16:00:00.000Z ～ 2026-07-05T08:00:00.000Z (270件)
[2026-07-05T10:27:58.069Z] Binance (CSV): C:\Users\Atsushi Hasebe\Project\trading-app-v2\research\EXP-OBS000032\10-result\btcusdt-funding.csv から 2026-04-06T16:00:00.000Z～2026-07-05T08:00:00.000Z に269件マッチ
[2026-07-05T10:27:58.070Z] 重複期間: 2026-04-06T16:00:00.000Z ～ 2026-07-05T08:00:00.000Z
[2026-07-05T10:27:58.070Z] ペア組成: 269件
[2026-07-05T10:27:58.071Z] 
代表性メトリクス:
[2026-07-05T10:27:58.071Z]   符号一致率: 64.7%
[2026-07-05T10:27:58.071Z]   Pearson相関: 0.4708
[2026-07-05T10:27:58.071Z]   Spearman相関: 0.4425
[2026-07-05T10:27:58.071Z]   水準差（Bitget - Binance）:
[2026-07-05T10:27:58.071Z]     8h平均: -0.000006 bps
[2026-07-05T10:27:58.071Z]     8h標準偏差: 0.000066 bps
[2026-07-05T10:27:58.071Z]     年率平均: -0.0065 %
[2026-07-05T10:27:58.071Z]     年率標準偏差: 0.0022 %
[2026-07-05T10:27:58.071Z] 
テール窓と重複期間の関係:
[2026-07-05T10:27:58.071Z]   ✓ すべてのテール窓が重複期間外（平時代表性のみ測定）
[2026-07-05T10:27:58.582Z] 
======== ETHUSDT ========
[2026-07-05T10:27:58.582Z] Bitget ETHUSDT funding: ページング開始
[2026-07-05T10:27:58.622Z] Bitget ETHUSDT: page 1 100件（計100件）
[2026-07-05T10:27:58.878Z] Bitget ETHUSDT: page 2 100件（計200件）
[2026-07-05T10:27:59.127Z] Bitget ETHUSDT: page 3 70件（計270件）
[2026-07-05T10:27:59.127Z] Bitget ETHUSDT: ページネーション終了（70 < 100）
[2026-07-05T10:27:59.127Z] Bitget ETHUSDT: 合計270件取得
[2026-07-05T10:27:59.127Z] Bitget: 2026-04-06T16:00:00.000Z ～ 2026-07-05T08:00:00.000Z (270件)
[2026-07-05T10:27:59.137Z] Binance (CSV): C:\Users\Atsushi Hasebe\Project\trading-app-v2\research\EXP-OBS000032\10-result\ethusdt-funding.csv から 2026-04-06T16:00:00.000Z～2026-07-05T08:00:00.000Z に269件マッチ
[2026-07-05T10:27:59.138Z] 重複期間: 2026-04-06T16:00:00.000Z ～ 2026-07-05T08:00:00.000Z
[2026-07-05T10:27:59.138Z] ペア組成: 269件
[2026-07-05T10:27:59.140Z] 
代表性メトリクス:
[2026-07-05T10:27:59.141Z]   符号一致率: 71.7%
[2026-07-05T10:27:59.141Z]   Pearson相関: 0.3584
[2026-07-05T10:27:59.141Z]   Spearman相関: 0.3785
[2026-07-05T10:27:59.141Z]   水準差（Bitget - Binance）:
[2026-07-05T10:27:59.141Z]     8h平均: 0.000018 bps
[2026-07-05T10:27:59.141Z]     8h標準偏差: 0.000069 bps
[2026-07-05T10:27:59.141Z]     年率平均: 0.0201 %
[2026-07-05T10:27:59.141Z]     年率標準偏差: 0.0023 %
[2026-07-05T10:27:59.141Z] 
テール窓と重複期間の関係:
[2026-07-05T10:27:59.141Z]   ✓ すべてのテール窓が重複期間外（平時代表性のみ測定）
[2026-07-05T10:27:59.648Z] 
>>> 結果JSON保存: g0-2-exchange-representativeness.json

REPRODUCTION:
node --experimental-strip-types scripts/compare-bitget-binance-funding.ts