======================================================================
=== vrp-prediction-unit.ts 実行 2026-07-12T21:55:37.014Z ===
Git commit: 342346752f198d2fbbdf35f66c7c2a24df34b903
Node version: v22.22.2

REPRODUCTION COMMAND:
  node --experimental-strip-types scripts/vrp-prediction-unit.ts

EXECUTION LOG:
[2026-07-12T21:55:37.017Z] === EXP-OBS000037 Stage 1: vrp-prediction-unit.ts ===
[2026-07-12T21:55:37.017Z] 実行UTC時刻: 2026-07-12T21:55:37.014Z
[2026-07-12T21:55:37.092Z] Git commit: 342346752f198d2fbbdf35f66c7c2a24df34b903
[2026-07-12T21:55:37.092Z] Node version: v22.22.2
[2026-07-12T21:55:37.092Z] 
>>> DVOL BTC 日次取得（アンカー2021-03-24〜末尾）
[2026-07-12T21:55:37.572Z]   DVOL page#1: rowsReturned=1000 continuation=1697414400000
[2026-07-12T21:55:38.104Z]   DVOL page#2: rowsReturned=937 continuation=null
[2026-07-12T21:55:38.108Z]   DVOL総取得件数=1937 最古=2021-03-24 最新=2026-07-12
[2026-07-12T21:55:38.108Z] 
>>> 主系列価格取得（Deribit-tradingview BTC-PERPETUAL）
[2026-07-12T21:55:38.109Z]   GET https://www.deribit.com/api/v2/public/get_tradingview_chart_data?instrument_name=BTC-PERPETUAL&start_timestamp=1616544000000&end_timestamp=1783900800000&resolution=1D
[2026-07-12T21:55:38.616Z]   BTC-PERPETUAL price: status=ok ticks=1938
[2026-07-12T21:55:38.624Z]   主系列: ticksReturned=1938 rawTickHourUtc=8 status=ok
[2026-07-12T21:55:38.624Z] 
>>> 副系列価格取得（Binance CSV btc-daily-binance-2017-2026.csv）
[2026-07-12T21:55:38.632Z]   副系列: rowCount=3243 firstDate=2017-08-17 lastDate=2026-07-03
[2026-07-12T21:55:38.632Z] 
>>> 週次VRP系列構築（主系列）
[2026-07-12T21:55:38.642Z]   主系列: 週次候補点数=277 VRP構築可能点数=276
[2026-07-12T21:55:38.642Z] 
>>> 週次VRP系列構築（副系列）
[2026-07-12T21:55:38.650Z]   副系列: 週次候補点数=277 VRP構築可能点数=275
[2026-07-12T21:55:38.650Z] 
>>> 先読み排除自己点検: 主系列違反件数=0 副系列違反件数=0
[2026-07-12T21:55:38.650Z] 
>>> R1〜R4: 期間別統計計算（主系列）
[2026-07-12T21:55:38.698Z]   full: n=276 mean=12.5642 p=0 max|Δmean|=6.9160
[2026-07-12T21:55:38.698Z]   selection: n=119 mean=16.8411 p=0
[2026-07-12T21:55:38.698Z]   confirmation: n=157 mean=9.3224 p=0
[2026-07-12T21:55:38.698Z] 
>>> R1〜R4: 期間別統計計算（副系列）
[2026-07-12T21:55:38.748Z]   full: n=275 mean=11.7091 p=0
[2026-07-12T21:55:38.748Z]   selection: n=119 mean=16.6113 p=0
[2026-07-12T21:55:38.748Z]   confirmation: n=156 mean=7.9696 p=0
[2026-07-12T21:55:38.748Z] 
>>> R5〜R6: パイプライン統計（lab仮置きコスト1.8 vol pt/週）
[2026-07-12T21:55:38.748Z]   主系列: n=276 meanNet=10.7642 sharpe(√52)=3.3156 maxDD_volPt=109.4307 maxDD_pct=12.3702
[2026-07-12T21:55:38.748Z]   副系列: n=275 meanNet=9.9091 sharpe(√52)=3.0499 maxDD_volPt=131.3818 maxDD_pct=4.7715
[2026-07-12T21:55:38.761Z] 
>>> 保存: C:\Users\Atsushi Hasebe\Project\trading-app-v2\research\EXP-OBS000037\10-result\stage1-vrp-prediction-unit.json
[2026-07-12T21:55:38.763Z] >>> 保存: C:\Users\Atsushi Hasebe\Project\trading-app-v2\research\EXP-OBS000037\10-result\stage1-vrp-prediction-unit-params.json
======================================================================
=== vrp-tail-correlation.ts 実行 2026-07-12T21:55:39.031Z ===
Git commit: 342346752f198d2fbbdf35f66c7c2a24df34b903
Node version: v22.22.2

REPRODUCTION COMMAND:
  node --experimental-strip-types scripts/vrp-tail-correlation.ts

EXECUTION LOG:
[2026-07-12T21:55:39.034Z] === EXP-OBS000037 Stage 1: vrp-tail-correlation.ts ===
[2026-07-12T21:55:39.034Z] 実行UTC時刻: 2026-07-12T21:55:39.031Z
[2026-07-12T21:55:39.125Z] Git commit: 342346752f198d2fbbdf35f66c7c2a24df34b903
[2026-07-12T21:55:39.125Z] Node version: v22.22.2
[2026-07-12T21:55:39.125Z] 
>>> DVOL BTC 日次取得
[2026-07-12T21:55:39.545Z]   DVOL page#1: rowsReturned=1000 continuation=1697414400000
[2026-07-12T21:55:40.082Z]   DVOL page#2: rowsReturned=937 continuation=null
[2026-07-12T21:55:40.086Z]   DVOL総取得件数=1937
[2026-07-12T21:55:40.086Z] 
>>> 主系列価格取得（Deribit-tradingview BTC-PERPETUAL）
[2026-07-12T21:55:40.086Z]   GET https://www.deribit.com/api/v2/public/get_tradingview_chart_data?instrument_name=BTC-PERPETUAL&start_timestamp=1616544000000&end_timestamp=1783900800000&resolution=1D
[2026-07-12T21:55:40.526Z]   BTC-PERPETUAL price: ticks=1938 rawTickHourUtc=8
[2026-07-12T21:55:40.526Z] 
>>> VRPスリーブ日次系列構築（毎日ローリング・spec §5-1）
[2026-07-12T21:55:40.579Z]   VRP日次構築可能日数=1929（期間 2021-03-24〜2026-07-04）
[2026-07-12T21:55:40.579Z] 
>>> OBS000032キャリー日次（ヒストリカルL3）読み込み
[2026-07-12T21:55:40.583Z]   キャリーL3行数=2493（期間 2019-09-08〜2026-07-05）
[2026-07-12T21:55:40.583Z] 
>>> ②モメンタム日次（simulatePortfolio本番構成）
[2026-07-12T21:55:40.826Z]   ②: trades=222 equityCurvePoints=223
[2026-07-12T21:55:40.830Z]   ②日次リターン行数=2222（期間 2020-06-01〜2026-07-01）
[2026-07-12T21:55:40.832Z] 
>>> 3系列共通突合日数=1926（2021-03-24〜2026-07-01）
[2026-07-12T21:55:40.833Z]   VRP日付基準の片側欠損: carry非突合=0 momentum非突合=3
[2026-07-12T21:55:40.833Z] 
>>> G1-A1: 確認期間の平時相関
[2026-07-12T21:55:40.836Z]   確認期間(2023-07-01〜2026-07-01) n=1097
[2026-07-12T21:55:40.836Z]   |corr(VRP,032キャリー)| full=0.0621 h1=0.1223 h2=0.0621
[2026-07-12T21:55:40.836Z]   |corr(VRP,②)|        full=0.0347 h1=0.0513 h2=0.0149
[2026-07-12T21:55:40.836Z] 
>>> G1-A2/G1-A3: テール窓別相関・同時DD
[2026-07-12T21:55:40.837Z]   T2(2022-05-01〜2022-06-30): matched=61/61 corr(VRP,032carry)=-0.2493 corr(VRP,②)=0.1450 DD2sleeve=3.2525 DD3sleeve=3.2121
[2026-07-12T21:55:40.838Z]   T3(2022-10-25〜2022-12-15): matched=52/52 corr(VRP,032carry)=-0.3657 corr(VRP,②)=0.0083 DD2sleeve=8.9153 DD3sleeve=3.5854
[2026-07-12T21:55:40.839Z] 
>>> 保存: C:\Users\Atsushi Hasebe\Project\trading-app-v2\research\EXP-OBS000037\10-result\stage1-vrp-tail-correlation.json
[2026-07-12T21:55:40.841Z] >>> 保存: C:\Users\Atsushi Hasebe\Project\trading-app-v2\research\EXP-OBS000037\10-result\stage1-vrp-tail-correlation-params.json
