======================================================================
=== deribit-vrp-forward-paper.ts 実行 2026-07-12T06:39:37.296Z ===
⚠ 日次冪等追記型。1回の実行で90日分が完成するものではない。
Git commit: 8a50c8c16b46459f1fd837185a7f86e025a9e133
Node version: v22.22.2
anchorDateKey: 2026-07-11
mode: initial
rowCountBefore: 0
rowCountAfter: 8
newRowsAppended: 8
backfillCount: 0

REPRODUCTION COMMAND:
  node --experimental-strip-types scripts/deribit-vrp-forward-paper.ts

EXECUTION LOG:
[2026-07-12T06:39:37.301Z] === EXP-OBS000037 Stage 0 G0-4: Deribit VRP フォワード較正ハーネス 日次実行 ===
[2026-07-12T06:39:37.301Z] 実行UTC時刻: 2026-07-12T06:39:37.296Z
[2026-07-12T06:39:37.301Z] Node version: v22.22.2
[2026-07-12T06:39:37.364Z] Git commit: 8a50c8c16b46459f1fd837185a7f86e025a9e133
[2026-07-12T06:39:37.364Z] anchorDateKey (最終完全経過UTC日): 2026-07-11
[2026-07-12T06:39:37.365Z] ⚠ 本実行は日次冪等追記の1回分。90日分を一括生成するものではない。
[2026-07-12T06:39:37.365Z] 既存ledger行数: 0
[2026-07-12T06:39:37.365Z] 初回セットアップ: warmup=2026-07-04..2026-07-10（7日）, go-live=2026-07-11
[2026-07-12T06:39:37.365Z] データ取得窓: 2026-07-03..2026-07-11（新規追記=8日, backfill候補=0日）
[2026-07-12T06:39:37.366Z] 
>>> DVOL取得
[2026-07-12T06:39:37.772Z]   DVOL page#1: rowsReturned=10 continuation=null
[2026-07-12T06:39:37.772Z]   DVOL pagination終了（continuationなし）
[2026-07-12T06:39:37.772Z]   DVOL取得件数: 10
[2026-07-12T06:39:38.075Z] 
>>> BTC-PERPETUAL 価格取得（RV自前計算用）
[2026-07-12T06:39:38.076Z]   GET https://www.deribit.com/api/v2/public/get_tradingview_chart_data?instrument_name=BTC-PERPETUAL&start_timestamp=1783036800000&end_timestamp=1783814400000&resolution=1D
[2026-07-12T06:39:38.361Z]   価格取得件数: 10 source=deribit-tradingview status=ok
[2026-07-12T06:39:38.362Z]   2026-07-04 [warmup] dvol=39.18 rv7=13.18091664019445 vrp=25.99908335980555 spike=0
[2026-07-12T06:39:38.362Z]   2026-07-05 [warmup] dvol=38.67 rv7=null vrp=null spike=0
[2026-07-12T06:39:38.362Z]   2026-07-06 [warmup] dvol=37.26 rv7=null vrp=null spike=0
[2026-07-12T06:39:38.362Z]   2026-07-07 [warmup] dvol=38.87 rv7=null vrp=null spike=0
[2026-07-12T06:39:38.362Z]   2026-07-08 [warmup] dvol=39.53 rv7=null vrp=null spike=0
[2026-07-12T06:39:38.362Z]   2026-07-09 [warmup] dvol=37.29 rv7=null vrp=null spike=0
[2026-07-12T06:39:38.362Z]   2026-07-10 [warmup] dvol=36.23 rv7=null vrp=null spike=0
[2026-07-12T06:39:38.362Z]   2026-07-11 [live] dvol=36.78 rv7=null vrp=null spike=0
[2026-07-12T06:39:38.372Z] 
>>> ledger保存: 行数 0 -> 8（新規追記=8, backfill件数=0）
[2026-07-12T06:39:38.375Z] >>> 保存: C:\Users\Atsushi Hasebe\Project\trading-app-v2\research\EXP-OBS000037\10-result\forward\deribit-vrp-forward-meta.json
======================================================================
=== deribit-vrp-forward-paper.ts 実行 2026-07-12T06:39:45.724Z ===
⚠ 日次冪等追記型。1回の実行で90日分が完成するものではない。
Git commit: 8a50c8c16b46459f1fd837185a7f86e025a9e133
Node version: v22.22.2
anchorDateKey: 2026-07-11
mode: noop
rowCountBefore: 8
rowCountAfter: 8
newRowsAppended: 0
backfillCount: 0

REPRODUCTION COMMAND:
  node --experimental-strip-types scripts/deribit-vrp-forward-paper.ts

EXECUTION LOG:
[2026-07-12T06:39:45.727Z] === EXP-OBS000037 Stage 0 G0-4: Deribit VRP フォワード較正ハーネス 日次実行 ===
[2026-07-12T06:39:45.727Z] 実行UTC時刻: 2026-07-12T06:39:45.724Z
[2026-07-12T06:39:45.727Z] Node version: v22.22.2
[2026-07-12T06:39:45.901Z] Git commit: 8a50c8c16b46459f1fd837185a7f86e025a9e133
[2026-07-12T06:39:45.901Z] anchorDateKey (最終完全経過UTC日): 2026-07-11
[2026-07-12T06:39:45.901Z] ⚠ 本実行は日次冪等追記の1回分。90日分を一括生成するものではない。
[2026-07-12T06:39:45.902Z] 既存ledger行数: 8
[2026-07-12T06:39:45.902Z] 既存ledger最終日=2026-07-11 は anchor=2026-07-11 以上。追記対象日なし（冪等・重複追記なし）
[2026-07-12T06:39:45.903Z] データ取得窓: 2026-07-04..2026-07-11（新規追記=0日, backfill候補=7日）
[2026-07-12T06:39:45.903Z] 
>>> DVOL取得
[2026-07-12T06:39:46.304Z]   DVOL page#1: rowsReturned=9 continuation=null
[2026-07-12T06:39:46.304Z]   DVOL pagination終了（continuationなし）
[2026-07-12T06:39:46.304Z]   DVOL取得件数: 9
[2026-07-12T06:39:46.607Z] 
>>> BTC-PERPETUAL 価格取得（RV自前計算用）
[2026-07-12T06:39:46.608Z]   GET https://www.deribit.com/api/v2/public/get_tradingview_chart_data?instrument_name=BTC-PERPETUAL&start_timestamp=1783123200000&end_timestamp=1783814400000&resolution=1D
[2026-07-12T06:39:46.878Z]   価格取得件数: 9 source=deribit-tradingview status=ok
[2026-07-12T06:39:46.882Z] 
>>> ledger保存: 行数 8 -> 8（新規追記=0, backfill件数=0）
[2026-07-12T06:39:46.883Z] >>> 保存: C:\Users\Atsushi Hasebe\Project\trading-app-v2\research\EXP-OBS000037\10-result\forward\deribit-vrp-forward-meta.json
