=== EXP-OBS000031 Stage 0 G0-2: Execution Cost Measurement ===
Execution time: 2026-07-04T23:18:30.922Z
Node version: v22.22.2

MEASUREMENT DETAILS:
1. Taker/Maker fees: contracts endpoint (fallback to VIP0 tier)
2. Spread: tickers endpoint (bid/ask snapshot)
3. Slippage: merge-depth orderbook walk ($10k, $50k, $100k)
4. Roundtrip models:
   - (S-taker): 2×taker_fee + 2×(spread/2) + slippage
   - (S-maker): 0.5×(2×maker_fee) + 0.5×(S-taker equivalent)

SPECIFICATION COMPLIANCE:
- Symbols: BTCUSDT, ETHUSDT
- Sizes: $10k, $50k, $100k
- All values measured, not simulated
- Both taker and maker scenarios included

OUTPUT FILES:
- G0-2-execution-costs.json (full measurement results)
- execution-cost-run.log (this file)

REPRODUCTION COMMAND:
node --experimental-strip-types scripts/measure-bitget-execution-cost.ts

EXECUTION LOG:
[2026-07-04T23:18:30.924Z] 
=== EXP-OBS000031 Stage 0 G0-2: Execution Cost Measurement ===
[2026-07-04T23:18:30.925Z] Script started: 2026-07-04T23:18:30.922Z
[2026-07-04T23:18:30.926Z] Node version: v22.22.2
[2026-07-04T23:18:30.926Z] 
【BTCUSDT】執行コスト測定開始
[2026-07-04T23:18:30.926Z]   手数料取得...
[2026-07-04T23:18:31.273Z]     Taker: 6.0 bps, Maker: 2.0 bps (source: api)
[2026-07-04T23:18:31.474Z]   スプレッド測定...
[2026-07-04T23:18:31.561Z]     Bid: 63009.8, Ask: 63009.9, Spread: 0.02 bps
[2026-07-04T23:18:31.771Z]   オーダーブック取得（深度50階層）...
[2026-07-04T23:18:31.846Z]     Bids: 50階層, Asks: 50階層
[2026-07-04T23:18:31.846Z]     orderbook best bid: 63009.8, best ask: 63009.9, mid: 63009.85
[2026-07-04T23:18:31.847Z]     BUY $10000k: slippage 0.01 bps (執行価格 63009.90, 使用階層数: 50)
[2026-07-04T23:18:31.847Z]     SELL $10000k: slippage 0.01 bps (執行価格 63009.80, 使用階層数: 50)
[2026-07-04T23:18:31.847Z]     BUY $50000k: slippage 0.01 bps (執行価格 63009.90, 使用階層数: 50)
[2026-07-04T23:18:31.847Z]     SELL $50000k: slippage 0.01 bps (執行価格 63009.80, 使用階層数: 50)
[2026-07-04T23:18:31.847Z]     BUY $100000k: slippage 0.11 bps (執行価格 63010.53, 使用階層数: 50)
[2026-07-04T23:18:31.847Z]     SELL $100000k: slippage 0.01 bps (執行価格 63009.80, 使用階層数: 50)
[2026-07-04T23:18:32.352Z] 
【ETHUSDT】執行コスト測定開始
[2026-07-04T23:18:32.352Z]   手数料取得...
[2026-07-04T23:18:32.466Z]     Taker: 6.0 bps, Maker: 2.0 bps (source: api)
[2026-07-04T23:18:32.669Z]   スプレッド測定...
[2026-07-04T23:18:32.733Z]     Bid: 1776.34, Ask: 1776.35, Spread: 0.06 bps
[2026-07-04T23:18:32.936Z]   オーダーブック取得（深度50階層）...
[2026-07-04T23:18:32.968Z]     Bids: 50階層, Asks: 50階層
[2026-07-04T23:18:32.968Z]     orderbook best bid: 1776.34, best ask: 1776.35, mid: 1776.34
[2026-07-04T23:18:32.968Z]     BUY $10000k: slippage 0.03 bps (執行価格 1776.35, 使用階層数: 50)
[2026-07-04T23:18:32.968Z]     SELL $10000k: slippage 0.03 bps (執行価格 1776.34, 使用階層数: 50)
[2026-07-04T23:18:32.968Z]     BUY $50000k: slippage 0.03 bps (執行価格 1776.35, 使用階層数: 50)
[2026-07-04T23:18:32.968Z]     SELL $50000k: slippage 0.60 bps (執行価格 1776.24, 使用階層数: 50)
[2026-07-04T23:18:32.968Z]     BUY $100000k: slippage 0.03 bps (執行価格 1776.35, 使用階層数: 50)
[2026-07-04T23:18:32.968Z]     SELL $100000k: slippage 0.98 bps (執行価格 1776.17, 使用階層数: 50)
[2026-07-04T23:18:32.968Z] 
=== G0-2 執行コスト集計表 ===
[2026-07-04T23:18:32.968Z] 
[2026-07-04T23:18:32.968Z] 【手数料（bps）】
[2026-07-04T23:18:32.968Z] | 銘柄 | テイカー | メイカー | 出典 |
[2026-07-04T23:18:32.968Z] |---|---|---|---|
[2026-07-04T23:18:32.968Z] | BTCUSDT | 6.0 | 2.0 | api |
[2026-07-04T23:18:32.968Z] | ETHUSDT | 6.0 | 2.0 | api |
[2026-07-04T23:18:32.968Z] 
[2026-07-04T23:18:32.968Z] 【実効スプレッド（bps）】
[2026-07-04T23:18:32.968Z] | 銘柄 | スプレッド | 測定時刻 |
[2026-07-04T23:18:32.968Z] |---|---|---|
[2026-07-04T23:18:32.968Z] | BTCUSDT | 0.02 | 23:18:31 UTC |
[2026-07-04T23:18:32.968Z] | ETHUSDT | 0.06 | 23:18:32 UTC |
[2026-07-04T23:18:32.968Z] 
[2026-07-04T23:18:32.968Z] 【板厚スリッページ（bps）】
[2026-07-04T23:18:32.968Z] | 銘柄 | 方向 | $10k | $50k | $100k |
[2026-07-04T23:18:32.968Z] |---|---|---|---|---|
[2026-07-04T23:18:32.968Z] | BTCUSDT | BUY | 0.01 | 0.01 | 0.11 |
[2026-07-04T23:18:32.969Z] | | SELL | 0.01 | 0.01 | 0.01 |
[2026-07-04T23:18:32.969Z] | ETHUSDT | BUY | 0.03 | 0.03 | 0.03 |
[2026-07-04T23:18:32.969Z] | | SELL | 0.03 | 0.60 | 0.98 |
[2026-07-04T23:18:32.969Z] 
[2026-07-04T23:18:32.969Z] 【往復コストモデル2シナリオ（bps）】
[2026-07-04T23:18:32.969Z] 
[2026-07-04T23:18:32.969Z] (S-taker) 全成行保守シナリオ:
[2026-07-04T23:18:32.969Z] | 銘柄 | $10k | $50k | $100k |
[2026-07-04T23:18:32.969Z] |---|---|---|---|
[2026-07-04T23:18:32.969Z] | BTCUSDT | 12.03 | 12.03 | 12.13 |
[2026-07-04T23:18:32.969Z] | ETHUSDT | 12.11 | 12.69 | 13.06 |
[2026-07-04T23:18:32.969Z] 
[2026-07-04T23:18:32.969Z] (S-maker) 指値約定率50%悲観シナリオ:
[2026-07-04T23:18:32.969Z] | 銘柄 | $10k | $50k | $100k |
[2026-07-04T23:18:32.969Z] |---|---|---|---|
[2026-07-04T23:18:32.969Z] | BTCUSDT | 8.02 | 8.02 | 8.07 |
[2026-07-04T23:18:32.969Z] | ETHUSDT | 8.06 | 8.34 | 8.53 |
[2026-07-04T23:18:32.969Z] 