=== EXP-OBS000031 Stage 1: 1h OHLCV Candle Materialization ===
Timestamp: 2026-07-05T02:25:12.351Z
Node: v22.22.2

TARGET SPECIFICATION:
- Symbols: BTCUSDT, ETHUSDT
- Granularity: 1h (1H)
- Use: Stage 1 intraday-meanrev-robustness.ts / intraday-meanrev-sleeve.ts

OUTPUT FILES:
- BTCUSDT_1h.json (candle array)
- ETHUSDT_1h.json (candle array)
- stage1-data-materialize.log (this file)

REPRODUCTION:
node --experimental-strip-types scripts/fetch-bitget-intraday-1h-materialize.ts

EXECUTION LOG:
[2026-07-05T02:25:12.357Z] 
=== EXP-OBS000031 Stage 1: 1h OHLCV Candle Materialization ===
[2026-07-05T02:25:12.359Z] Start: 2026-07-05T02:25:12.351Z
[2026-07-05T02:25:12.359Z] Node: v22.22.2
[2026-07-05T02:25:12.360Z] Symbols: BTCUSDT, ETHUSDT
[2026-07-05T02:25:12.360Z] Granularity: 1h (1H)
[2026-07-05T02:25:12.360Z] 
【BTCUSDT 1h】candle実体ページング開始
[2026-07-05T02:25:12.686Z]   P1: 200本 (2026-06-26 .. 2026-07-05)
[2026-07-05T02:25:12.995Z]   P2: 200本 (2026-06-18 .. 2026-06-26)
[2026-07-05T02:25:13.400Z]   P3: 200本 (2026-06-10 .. 2026-06-18)
[2026-07-05T02:25:13.793Z]   P4: 200本 (2026-06-01 .. 2026-06-09)
[2026-07-05T02:25:14.117Z]   P5: 200本 (2026-05-24 .. 2026-06-01)
[2026-07-05T02:25:14.479Z]   P6: 200本 (2026-05-15 .. 2026-05-24)
[2026-07-05T02:25:14.786Z]   P7: 200本 (2026-05-07 .. 2026-05-15)
[2026-07-05T02:25:15.085Z]   P8: 200本 (2026-04-29 .. 2026-05-07)
[2026-07-05T02:25:15.383Z]   P9: 200本 (2026-04-20 .. 2026-04-29)
[2026-07-05T02:25:15.681Z]   P10: 200本 (2026-04-12 .. 2026-04-20)
[2026-07-05T02:25:15.969Z]   P11: 200本 (2026-04-04 .. 2026-04-12)
[2026-07-05T02:25:16.270Z]   P12: 200本 (2026-03-26 .. 2026-04-03)
[2026-07-05T02:25:16.574Z]   P13: 200本 (2026-03-18 .. 2026-03-26)
[2026-07-05T02:25:16.868Z]   P14: 200本 (2026-03-09 .. 2026-03-18)
[2026-07-05T02:25:17.160Z]   P15: 200本 (2026-03-01 .. 2026-03-09)
[2026-07-05T02:25:17.465Z]   P16: 200本 (2026-02-21 .. 2026-03-01)
[2026-07-05T02:25:17.786Z]   P17: 200本 (2026-02-12 .. 2026-02-21)
[2026-07-05T02:25:18.076Z]   P18: 200本 (2026-02-04 .. 2026-02-12)
[2026-07-05T02:25:18.374Z]   P19: 200本 (2026-01-27 .. 2026-02-04)
[2026-07-05T02:25:18.671Z]   P20: 200本 (2026-01-18 .. 2026-01-26)
[2026-07-05T02:25:18.969Z]   P21: 200本 (2026-01-10 .. 2026-01-18)
[2026-07-05T02:25:19.276Z]   P22: 200本 (2026-01-01 .. 2026-01-10)
[2026-07-05T02:25:19.577Z]   P23: 200本 (2025-12-24 .. 2026-01-01)
[2026-07-05T02:25:19.878Z]   P24: 200本 (2025-12-16 .. 2025-12-24)
[2026-07-05T02:25:20.191Z]   P25: 200本 (2025-12-07 .. 2025-12-16)
[2026-07-05T02:25:20.493Z]   P26: 200本 (2025-11-29 .. 2025-12-07)
[2026-07-05T02:25:20.785Z]   P27: 200本 (2025-11-21 .. 2025-11-29)
[2026-07-05T02:25:21.081Z]   P28: 200本 (2025-11-12 .. 2025-11-20)
[2026-07-05T02:25:21.374Z]   P29: 200本 (2025-11-04 .. 2025-11-12)
[2026-07-05T02:25:21.671Z]   P30: 200本 (2025-10-26 .. 2025-11-04)
[2026-07-05T02:25:21.973Z]   P31: 200本 (2025-10-18 .. 2025-10-26)
[2026-07-05T02:25:22.270Z]   P32: 200本 (2025-10-10 .. 2025-10-18)
[2026-07-05T02:25:22.562Z]   P33: 200本 (2025-10-01 .. 2025-10-10)
[2026-07-05T02:25:22.866Z]   P34: 200本 (2025-09-23 .. 2025-10-01)
[2026-07-05T02:25:23.159Z]   P35: 200本 (2025-09-15 .. 2025-09-23)
[2026-07-05T02:25:23.451Z]   P36: 200本 (2025-09-06 .. 2025-09-14)
[2026-07-05T02:25:23.750Z]   P37: 200本 (2025-08-29 .. 2025-09-06)
[2026-07-05T02:25:24.048Z]   P38: 200本 (2025-08-20 .. 2025-08-29)
[2026-07-05T02:25:24.352Z]   P39: 200本 (2025-08-12 .. 2025-08-20)
[2026-07-05T02:25:24.647Z]   P40: 200本 (2025-08-04 .. 2025-08-12)
[2026-07-05T02:25:24.946Z]   P41: 200本 (2025-07-26 .. 2025-08-04)
[2026-07-05T02:25:25.249Z]   P42: 200本 (2025-07-18 .. 2025-07-26)
[2026-07-05T02:25:25.545Z]   P43: 200本 (2025-07-10 .. 2025-07-18)
[2026-07-05T02:25:25.836Z]   P44: 200本 (2025-07-01 .. 2025-07-09)
[2026-07-05T02:25:26.138Z]   P45: 200本 (2025-06-23 .. 2025-07-01)
[2026-07-05T02:25:26.436Z]   P46: 200本 (2025-06-14 .. 2025-06-23)
[2026-07-05T02:25:26.729Z]   P47: 200本 (2025-06-06 .. 2025-06-14)
[2026-07-05T02:25:27.029Z]   P48: 200本 (2025-05-29 .. 2025-06-06)
[2026-07-05T02:25:27.327Z]   P49: 200本 (2025-05-20 .. 2025-05-29)
[2026-07-05T02:25:27.629Z]   P50: 200本 (2025-05-12 .. 2025-05-20)
[2026-07-05T02:25:27.927Z]   P51: 200本 (2025-05-04 .. 2025-05-12)
[2026-07-05T02:25:28.223Z]   P52: 200本 (2025-04-25 .. 2025-05-03)
[2026-07-05T02:25:28.527Z]   P53: 200本 (2025-04-17 .. 2025-04-25)
[2026-07-05T02:25:28.823Z]   P54: 200本 (2025-04-08 .. 2025-04-17)
[2026-07-05T02:25:29.126Z]   P55: 200本 (2025-03-31 .. 2025-04-08)
[2026-07-05T02:25:29.428Z]   P56: 200本 (2025-03-23 .. 2025-03-31)
[2026-07-05T02:25:29.734Z]   P57: 200本 (2025-03-14 .. 2025-03-23)
[2026-07-05T02:25:30.023Z]   P58: 200本 (2025-03-06 .. 2025-03-14)
[2026-07-05T02:25:30.327Z]   P59: 200本 (2025-02-26 .. 2025-03-06)
[2026-07-05T02:25:30.623Z]   P60: 200本 (2025-02-17 .. 2025-02-25)
[2026-07-05T02:25:30.923Z]   P61: 200本 (2025-02-09 .. 2025-02-17)
[2026-07-05T02:25:31.225Z]   P62: 200本 (2025-01-31 .. 2025-02-09)
[2026-07-05T02:25:31.531Z]   P63: 200本 (2025-01-23 .. 2025-01-31)
[2026-07-05T02:25:31.818Z]   P64: 200本 (2025-01-15 .. 2025-01-23)
[2026-07-05T02:25:32.120Z]   P65: 200本 (2025-01-06 .. 2025-01-15)
[2026-07-05T02:25:32.424Z]   P66: 200本 (2024-12-29 .. 2025-01-06)
[2026-07-05T02:25:32.720Z]   P67: 200本 (2024-12-21 .. 2024-12-29)
[2026-07-05T02:25:33.024Z]   P68: 200本 (2024-12-12 .. 2024-12-20)
[2026-07-05T02:25:33.320Z]   P69: 200本 (2024-12-04 .. 2024-12-12)
[2026-07-05T02:25:33.617Z]   P70: 200本 (2024-11-25 .. 2024-12-04)
[2026-07-05T02:25:33.915Z]   P71: 200本 (2024-11-17 .. 2024-11-25)
[2026-07-05T02:25:34.213Z]   P72: 200本 (2024-11-09 .. 2024-11-17)
[2026-07-05T02:25:34.529Z]   P73: 200本 (2024-10-31 .. 2024-11-09)
[2026-07-05T02:25:34.833Z]   P74: 200本 (2024-10-23 .. 2024-10-31)
[2026-07-05T02:25:35.128Z]   P75: 200本 (2024-10-15 .. 2024-10-23)
[2026-07-05T02:25:35.424Z]   P76: 200本 (2024-10-06 .. 2024-10-14)
[2026-07-05T02:25:35.727Z]   P77: 200本 (2024-09-28 .. 2024-10-06)
[2026-07-05T02:25:36.024Z]   P78: 200本 (2024-09-19 .. 2024-09-28)
[2026-07-05T02:25:36.315Z]   P79: 200本 (2024-09-11 .. 2024-09-19)
[2026-07-05T02:25:36.615Z]   P80: 200本 (2024-09-03 .. 2024-09-11)
[2026-07-05T02:25:36.907Z]   P81: 200本 (2024-08-25 .. 2024-09-03)
[2026-07-05T02:25:37.210Z]   P82: 200本 (2024-08-17 .. 2024-08-25)
[2026-07-05T02:25:37.510Z]   P83: 200本 (2024-08-09 .. 2024-08-17)
[2026-07-05T02:25:37.804Z]   P84: 200本 (2024-07-31 .. 2024-08-08)
[2026-07-05T02:25:38.095Z]   P85: 200本 (2024-07-23 .. 2024-07-31)
[2026-07-05T02:25:38.392Z]   P86: 200本 (2024-07-14 .. 2024-07-23)
[2026-07-05T02:25:38.692Z]   P87: 200本 (2024-07-06 .. 2024-07-14)
[2026-07-05T02:25:38.997Z]   P88: 200本 (2024-06-28 .. 2024-07-06)
[2026-07-05T02:25:39.294Z]   P89: 200本 (2024-06-19 .. 2024-06-28)
[2026-07-05T02:25:39.589Z]   P90: 200本 (2024-06-11 .. 2024-06-19)
[2026-07-05T02:25:39.887Z]   P91: 200本 (2024-06-03 .. 2024-06-11)
[2026-07-05T02:25:40.191Z]   P92: 200本 (2024-05-25 .. 2024-06-02)
[2026-07-05T02:25:40.481Z]   P93: 200本 (2024-05-17 .. 2024-05-25)
[2026-07-05T02:25:40.783Z]   P94: 200本 (2024-05-08 .. 2024-05-17)
[2026-07-05T02:25:41.079Z]   P95: 200本 (2024-04-30 .. 2024-05-08)
[2026-07-05T02:25:41.375Z]   P96: 200本 (2024-04-22 .. 2024-04-30)
[2026-07-05T02:25:41.679Z]   P97: 200本 (2024-04-13 .. 2024-04-22)
[2026-07-05T02:25:41.978Z]   P98: 200本 (2024-04-05 .. 2024-04-13)
[2026-07-05T02:25:42.276Z]   P99: 200本 (2024-03-28 .. 2024-04-05)
[2026-07-05T02:25:42.576Z]   P100: 200本 (2024-03-19 .. 2024-03-27)
[2026-07-05T02:25:42.867Z]   P101: 200本 (2024-03-11 .. 2024-03-19)
[2026-07-05T02:25:43.168Z]   P102: 200本 (2024-03-02 .. 2024-03-11)
[2026-07-05T02:25:43.471Z]   P103: 200本 (2024-02-23 .. 2024-03-02)
[2026-07-05T02:25:43.769Z]   P104: 200本 (2024-02-15 .. 2024-02-23)
[2026-07-05T02:25:44.074Z]   P105: 200本 (2024-02-06 .. 2024-02-15)
[2026-07-05T02:25:44.359Z]   P106: 200本 (2024-01-29 .. 2024-02-06)
[2026-07-05T02:25:44.648Z]   P107: 200本 (2024-01-21 .. 2024-01-29)
[2026-07-05T02:25:44.944Z]   P108: 200本 (2024-01-12 .. 2024-01-20)
[2026-07-05T02:25:45.246Z]   P109: 200本 (2024-01-04 .. 2024-01-12)
[2026-07-05T02:25:45.538Z]   P110: 200本 (2023-12-26 .. 2024-01-04)
[2026-07-05T02:25:45.833Z]   P111: 200本 (2023-12-18 .. 2023-12-26)
[2026-07-05T02:25:46.128Z]   P112: 200本 (2023-12-10 .. 2023-12-18)
[2026-07-05T02:25:46.434Z]   P113: 200本 (2023-12-01 .. 2023-12-10)
[2026-07-05T02:25:46.738Z]   P114: 200本 (2023-11-23 .. 2023-12-01)
[2026-07-05T02:25:47.033Z]   P115: 200本 (2023-11-15 .. 2023-11-23)
[2026-07-05T02:25:47.328Z]   P116: 200本 (2023-11-06 .. 2023-11-14)
[2026-07-05T02:25:47.626Z]   P117: 200本 (2023-10-29 .. 2023-11-06)
[2026-07-05T02:25:47.920Z]   P118: 200本 (2023-10-20 .. 2023-10-29)
[2026-07-05T02:25:48.281Z]   P119: 200本 (2023-10-12 .. 2023-10-20)
[2026-07-05T02:25:48.584Z]   P120: 200本 (2023-10-04 .. 2023-10-12)
[2026-07-05T02:25:48.881Z]   P121: 200本 (2023-09-25 .. 2023-10-04)
[2026-07-05T02:25:49.176Z]   P122: 200本 (2023-09-17 .. 2023-09-25)
[2026-07-05T02:25:49.470Z]   P123: 200本 (2023-09-09 .. 2023-09-17)
[2026-07-05T02:25:49.775Z]   P124: 200本 (2023-08-31 .. 2023-09-08)
[2026-07-05T02:25:50.076Z]   P125: 200本 (2023-08-23 .. 2023-08-31)
[2026-07-05T02:25:50.368Z]   P126: 200本 (2023-08-14 .. 2023-08-23)
[2026-07-05T02:25:50.668Z]   P127: 200本 (2023-08-06 .. 2023-08-14)
[2026-07-05T02:25:50.964Z]   P128: 200本 (2023-07-29 .. 2023-08-06)
[2026-07-05T02:25:51.260Z]   P129: 200本 (2023-07-20 .. 2023-07-29)
[2026-07-05T02:25:51.555Z]   P130: 200本 (2023-07-12 .. 2023-07-20)
[2026-07-05T02:25:51.853Z]   P131: 200本 (2023-07-04 .. 2023-07-12)
[2026-07-05T02:25:52.148Z]   P132: 200本 (2023-06-25 .. 2023-07-03)
[2026-07-05T02:25:52.436Z]   P133: 200本 (2023-06-17 .. 2023-06-25)
[2026-07-05T02:25:52.732Z]   P134: 200本 (2023-06-08 .. 2023-06-17)
[2026-07-05T02:25:53.052Z]   P135: 200本 (2023-05-31 .. 2023-06-08)
[2026-07-05T02:25:53.353Z]   P136: 200本 (2023-05-23 .. 2023-05-31)
[2026-07-05T02:25:53.656Z]   P137: 200本 (2023-05-14 .. 2023-05-23)
[2026-07-05T02:25:53.949Z]   P138: 200本 (2023-05-06 .. 2023-05-14)
[2026-07-05T02:25:54.251Z]   P139: 200本 (2023-04-28 .. 2023-05-06)
[2026-07-05T02:25:54.546Z]   P140: 200本 (2023-04-19 .. 2023-04-27)
[2026-07-05T02:25:54.852Z]   P141: 200本 (2023-04-11 .. 2023-04-19)
[2026-07-05T02:25:55.138Z]   P142: 200本 (2023-04-02 .. 2023-04-11)
[2026-07-05T02:25:55.439Z]   P143: 200本 (2023-03-25 .. 2023-04-02)
[2026-07-05T02:25:55.738Z]   P144: 200本 (2023-03-17 .. 2023-03-25)
[2026-07-05T02:25:56.036Z]   P145: 200本 (2023-03-08 .. 2023-03-17)
[2026-07-05T02:25:56.335Z]   P146: 200本 (2023-02-28 .. 2023-03-08)
[2026-07-05T02:25:56.633Z]   P147: 200本 (2023-02-20 .. 2023-02-28)
[2026-07-05T02:25:56.932Z]   P148: 200本 (2023-02-11 .. 2023-02-19)
[2026-07-05T02:25:57.230Z]   P149: 200本 (2023-02-03 .. 2023-02-11)
[2026-07-05T02:25:57.532Z]   P150: 200本 (2023-01-25 .. 2023-02-03)
[2026-07-05T02:25:57.826Z]   P151: 200本 (2023-01-17 .. 2023-01-25)
[2026-07-05T02:25:58.126Z]   P152: 200本 (2023-01-09 .. 2023-01-17)
[2026-07-05T02:25:58.427Z]   P153: 200本 (2022-12-31 .. 2023-01-09)
[2026-07-05T02:25:58.719Z]   P154: 200本 (2022-12-23 .. 2022-12-31)
[2026-07-05T02:25:59.025Z]   P155: 200本 (2022-12-15 .. 2022-12-23)
[2026-07-05T02:25:59.318Z]   P156: 200本 (2022-12-06 .. 2022-12-14)
[2026-07-05T02:25:59.613Z]   P157: 200本 (2022-11-28 .. 2022-12-06)
[2026-07-05T02:25:59.914Z]   P158: 200本 (2022-11-19 .. 2022-11-28)
[2026-07-05T02:26:00.205Z]   P159: 200本 (2022-11-11 .. 2022-11-19)
[2026-07-05T02:26:00.511Z]   P160: 200本 (2022-11-03 .. 2022-11-11)
[2026-07-05T02:26:00.803Z]   P161: 200本 (2022-10-25 .. 2022-11-03)
[2026-07-05T02:26:01.098Z]   P162: 200本 (2022-10-17 .. 2022-10-25)
[2026-07-05T02:26:01.423Z]   P163: 200本 (2022-10-09 .. 2022-10-17)
[2026-07-05T02:26:01.764Z]   P164: 200本 (2022-09-30 .. 2022-10-08)
[2026-07-05T02:26:02.074Z]   P165: 200本 (2022-09-22 .. 2022-09-30)
[2026-07-05T02:26:02.364Z]   P166: 200本 (2022-09-13 .. 2022-09-22)
[2026-07-05T02:26:02.661Z]   P167: 200本 (2022-09-05 .. 2022-09-13)
[2026-07-05T02:26:02.958Z]   P168: 200本 (2022-08-28 .. 2022-09-05)
[2026-07-05T02:26:03.258Z]   P169: 200本 (2022-08-19 .. 2022-08-28)
[2026-07-05T02:26:03.553Z]   P170: 200本 (2022-08-11 .. 2022-08-19)
[2026-07-05T02:26:03.849Z]   P171: 200本 (2022-08-03 .. 2022-08-11)
[2026-07-05T02:26:04.154Z]   P172: 200本 (2022-07-25 .. 2022-08-02)
[2026-07-05T02:26:04.455Z]   P173: 200本 (2022-07-17 .. 2022-07-25)
[2026-07-05T02:26:04.753Z]   P174: 200本 (2022-07-08 .. 2022-07-17)
[2026-07-05T02:26:05.051Z]   P175: 200本 (2022-06-30 .. 2022-07-08)
[2026-07-05T02:26:05.348Z]   P176: 200本 (2022-06-22 .. 2022-06-30)
[2026-07-05T02:26:05.652Z]   P177: 200本 (2022-06-13 .. 2022-06-22)
[2026-07-05T02:26:05.942Z]   P178: 200本 (2022-06-05 .. 2022-06-13)
[2026-07-05T02:26:06.243Z]   P179: 200本 (2022-05-28 .. 2022-06-05)
[2026-07-05T02:26:06.539Z]   P180: 200本 (2022-05-19 .. 2022-05-27)
[2026-07-05T02:26:06.847Z]   P181: 200本 (2022-05-11 .. 2022-05-19)
[2026-07-05T02:26:07.135Z]   P182: 200本 (2022-05-02 .. 2022-05-11)
[2026-07-05T02:26:07.434Z]   P183: 200本 (2022-04-24 .. 2022-05-02)
[2026-07-05T02:26:07.730Z]   P184: 200本 (2022-04-16 .. 2022-04-24)
[2026-07-05T02:26:08.029Z]   P185: 200本 (2022-04-07 .. 2022-04-16)
[2026-07-05T02:26:08.320Z]   P186: 200本 (2022-03-30 .. 2022-04-07)
[2026-07-05T02:26:08.621Z]   P187: 200本 (2022-03-22 .. 2022-03-30)
[2026-07-05T02:26:08.917Z]   P188: 200本 (2022-03-13 .. 2022-03-21)
[2026-07-05T02:26:09.220Z]   P189: 200本 (2022-03-05 .. 2022-03-13)
[2026-07-05T02:26:09.516Z]   P190: 200本 (2022-02-24 .. 2022-03-05)
[2026-07-05T02:26:09.809Z]   P191: 200本 (2022-02-16 .. 2022-02-24)
[2026-07-05T02:26:10.108Z]   P192: 200本 (2022-02-08 .. 2022-02-16)
[2026-07-05T02:26:10.415Z]   P193: 200本 (2022-01-30 .. 2022-02-08)
[2026-07-05T02:26:10.710Z]   P194: 200本 (2022-01-22 .. 2022-01-30)
[2026-07-05T02:26:11.007Z]   P195: 200本 (2022-01-14 .. 2022-01-22)
[2026-07-05T02:26:11.315Z]   P196: 200本 (2022-01-05 .. 2022-01-13)
[2026-07-05T02:26:11.605Z]   P197: 200本 (2021-12-28 .. 2022-01-05)
[2026-07-05T02:26:11.906Z]   P198: 200本 (2021-12-19 .. 2021-12-28)
[2026-07-05T02:26:12.198Z]   P199: 200本 (2021-12-11 .. 2021-12-19)
[2026-07-05T02:26:12.491Z]   P200: 200本 (2021-12-03 .. 2021-12-11)
[2026-07-05T02:26:12.789Z]   P201: 200本 (2021-11-24 .. 2021-12-03)
[2026-07-05T02:26:13.083Z]   P202: 200本 (2021-11-16 .. 2021-11-24)
[2026-07-05T02:26:13.380Z]   P203: 200本 (2021-11-08 .. 2021-11-16)
[2026-07-05T02:26:13.679Z]   P204: 200本 (2021-10-30 .. 2021-11-07)
[2026-07-05T02:26:13.979Z]   P205: 200本 (2021-10-22 .. 2021-10-30)
[2026-07-05T02:26:14.273Z]   P206: 200本 (2021-10-13 .. 2021-10-22)
[2026-07-05T02:26:14.579Z]   P207: 200本 (2021-10-05 .. 2021-10-13)
[2026-07-05T02:26:14.882Z]   P208: 200本 (2021-09-27 .. 2021-10-05)
[2026-07-05T02:26:15.177Z]   P209: 200本 (2021-09-18 .. 2021-09-27)
[2026-07-05T02:26:15.592Z]   P210: 200本 (2021-09-10 .. 2021-09-18)
[2026-07-05T02:26:15.883Z]   P211: 200本 (2021-09-02 .. 2021-09-10)
[2026-07-05T02:26:16.187Z]   P212: 200本 (2021-08-24 .. 2021-09-01)
[2026-07-05T02:26:16.486Z]   P213: 200本 (2021-08-16 .. 2021-08-24)
[2026-07-05T02:26:16.779Z]   P214: 200本 (2021-08-07 .. 2021-08-16)
[2026-07-05T02:26:17.078Z]   P215: 200本 (2021-07-30 .. 2021-08-07)
[2026-07-05T02:26:17.377Z]   P216: 200本 (2021-07-22 .. 2021-07-30)
[2026-07-05T02:26:17.669Z]   P217: 200本 (2021-07-13 .. 2021-07-22)
[2026-07-05T02:26:17.966Z]   P218: 200本 (2021-07-05 .. 2021-07-13)
[2026-07-05T02:26:18.263Z]   P219: 200本 (2021-06-27 .. 2021-07-05)
[2026-07-05T02:26:18.562Z]   P220: 200本 (2021-06-18 .. 2021-06-26)
[2026-07-05T02:26:18.866Z]   P221: 200本 (2021-06-10 .. 2021-06-18)
[2026-07-05T02:26:19.166Z]   P222: 200本 (2021-06-01 .. 2021-06-10)
[2026-07-05T02:26:19.463Z]   P223: 200本 (2021-05-24 .. 2021-06-01)
[2026-07-05T02:26:19.763Z]   P224: 200本 (2021-05-16 .. 2021-05-24)
[2026-07-05T02:26:20.058Z]   P225: 200本 (2021-05-07 .. 2021-05-16)
[2026-07-05T02:26:20.356Z]   P226: 200本 (2021-04-29 .. 2021-05-07)
[2026-07-05T02:26:20.653Z]   P227: 200本 (2021-04-21 .. 2021-04-29)
[2026-07-05T02:26:20.942Z]   P228: 200本 (2021-04-12 .. 2021-04-20)
[2026-07-05T02:26:21.246Z]   P229: 200本 (2021-04-04 .. 2021-04-12)
[2026-07-05T02:26:21.541Z]   P230: 200本 (2021-03-26 .. 2021-04-04)
[2026-07-05T02:26:21.840Z]   P231: 200本 (2021-03-18 .. 2021-03-26)
[2026-07-05T02:26:22.142Z]   P232: 200本 (2021-03-10 .. 2021-03-18)
[2026-07-05T02:26:22.438Z]   P233: 200本 (2021-03-01 .. 2021-03-10)
[2026-07-05T02:26:22.733Z]   P234: 200本 (2021-02-21 .. 2021-03-01)
[2026-07-05T02:26:23.035Z]   P235: 200本 (2021-02-13 .. 2021-02-21)
[2026-07-05T02:26:23.330Z]   P236: 200本 (2021-02-04 .. 2021-02-12)
[2026-07-05T02:26:23.623Z]   P237: 200本 (2021-01-27 .. 2021-02-04)
[2026-07-05T02:26:23.939Z]   P238: 200本 (2021-01-18 .. 2021-01-27)
[2026-07-05T02:26:24.238Z]   P239: 200本 (2021-01-10 .. 2021-01-18)
[2026-07-05T02:26:24.533Z]   P240: 200本 (2021-01-02 .. 2021-01-10)
[2026-07-05T02:26:24.826Z]   P241: 200本 (2020-12-24 .. 2021-01-02)
[2026-07-05T02:26:25.137Z]   P242: 200本 (2020-12-16 .. 2020-12-24)
[2026-07-05T02:26:25.430Z]   P243: 200本 (2020-12-08 .. 2020-12-16)
[2026-07-05T02:26:25.726Z]   P244: 200本 (2020-11-29 .. 2020-12-07)
[2026-07-05T02:26:26.025Z]   P245: 200本 (2020-11-21 .. 2020-11-29)
[2026-07-05T02:26:26.331Z]   P246: 200本 (2020-11-12 .. 2020-11-21)
[2026-07-05T02:26:26.630Z]   P247: 200本 (2020-11-04 .. 2020-11-12)
[2026-07-05T02:26:26.932Z]   P248: 200本 (2020-10-27 .. 2020-11-04)
[2026-07-05T02:26:27.223Z]   P249: 200本 (2020-10-18 .. 2020-10-27)
[2026-07-05T02:26:27.524Z]   P250: 200本 (2020-10-10 .. 2020-10-18)
[2026-07-05T02:26:27.828Z]   P251: 200本 (2020-10-02 .. 2020-10-10)
[2026-07-05T02:26:28.191Z]   P252: 200本 (2020-09-23 .. 2020-10-01)
[2026-07-05T02:26:28.484Z]   P253: 200本 (2020-09-15 .. 2020-09-23)
[2026-07-05T02:26:28.781Z]   P254: 200本 (2020-09-06 .. 2020-09-15)
[2026-07-05T02:26:29.109Z]   P255: 200本 (2020-08-29 .. 2020-09-06)
[2026-07-05T02:26:29.415Z]   P256: 200本 (2020-08-21 .. 2020-08-29)
[2026-07-05T02:26:29.719Z]   P257: 200本 (2020-08-12 .. 2020-08-21)
[2026-07-05T02:26:30.009Z]   P258: 200本 (2020-08-04 .. 2020-08-12)
[2026-07-05T02:26:30.305Z]   P259: 200本 (2020-07-27 .. 2020-08-04)
[2026-07-05T02:26:30.601Z]   P260: 200本 (2020-07-18 .. 2020-07-26)
[2026-07-05T02:26:30.893Z]   P261: 200本 (2020-07-10 .. 2020-07-18)
[2026-07-05T02:26:31.184Z]   P262: 200本 (2020-07-01 .. 2020-07-10)
[2026-07-05T02:26:31.484Z]   P263: 200本 (2020-06-23 .. 2020-07-01)
[2026-07-05T02:26:31.779Z]   P264: 200本 (2020-06-15 .. 2020-06-23)
[2026-07-05T02:26:32.076Z]   P265: 200本 (2020-06-06 .. 2020-06-15)
[2026-07-05T02:26:32.362Z]   P266: 200本 (2020-05-29 .. 2020-06-06)
[2026-07-05T02:26:32.665Z]   P267: 200本 (2020-05-21 .. 2020-05-29)
[2026-07-05T02:26:32.963Z]   P268: 200本 (2020-05-12 .. 2020-05-20)
[2026-07-05T02:26:33.256Z]   P269: 200本 (2020-05-04 .. 2020-05-12)
[2026-07-05T02:26:33.556Z]   P270: 200本 (2020-04-25 .. 2020-05-04)
[2026-07-05T02:26:33.856Z]   P271: 200本 (2020-04-17 .. 2020-04-25)
[2026-07-05T02:26:34.157Z]   P272: 200本 (2020-04-09 .. 2020-04-17)
[2026-07-05T02:26:34.492Z]   P273: 200本 (2020-03-31 .. 2020-04-09)
[2026-07-05T02:26:34.780Z]   P274: 200本 (2020-03-23 .. 2020-03-31)
[2026-07-05T02:26:35.078Z]   P275: 200本 (2020-03-15 .. 2020-03-23)
[2026-07-05T02:26:35.378Z]   P276: 200本 (2020-03-06 .. 2020-03-14)
[2026-07-05T02:26:35.680Z]   P277: 200本 (2020-02-27 .. 2020-03-06)
[2026-07-05T02:26:35.981Z]   P278: 200本 (2020-02-18 .. 2020-02-27)
[2026-07-05T02:26:36.276Z]   P279: 200本 (2020-02-10 .. 2020-02-18)
[2026-07-05T02:26:36.570Z]   P280: 200本 (2020-02-02 .. 2020-02-10)
[2026-07-05T02:26:36.871Z]   P281: 200本 (2020-01-24 .. 2020-02-02)
[2026-07-05T02:26:37.172Z]   P282: 200本 (2020-01-16 .. 2020-01-24)
[2026-07-05T02:26:37.464Z]   P283: 200本 (2020-01-08 .. 2020-01-16)
[2026-07-05T02:26:37.769Z]   P284: 200本 (2019-12-30 .. 2020-01-07)
[2026-07-05T02:26:38.060Z]   P285: 200本 (2019-12-22 .. 2019-12-30)
[2026-07-05T02:26:38.364Z]   P286: 200本 (2019-12-13 .. 2019-12-22)
[2026-07-05T02:26:38.661Z]   P287: 200本 (2019-12-05 .. 2019-12-13)
[2026-07-05T02:26:38.956Z]   P288: 200本 (2019-11-27 .. 2019-12-05)
[2026-07-05T02:26:39.251Z]   P289: 200本 (2019-11-18 .. 2019-11-27)
[2026-07-05T02:26:39.563Z]   P290: 200本 (2019-11-10 .. 2019-11-18)
[2026-07-05T02:26:39.855Z]   P291: 200本 (2019-11-02 .. 2019-11-10)
[2026-07-05T02:26:40.153Z]   P292: 200本 (2019-10-24 .. 2019-11-01)
[2026-07-05T02:26:40.457Z]   P293: 200本 (2019-10-16 .. 2019-10-24)
[2026-07-05T02:26:40.754Z]   P294: 200本 (2019-10-07 .. 2019-10-16)
[2026-07-05T02:26:41.053Z]   P295: 200本 (2019-09-29 .. 2019-10-07)
[2026-07-05T02:26:41.353Z]   P296: 200本 (2019-09-21 .. 2019-09-29)
[2026-07-05T02:26:41.650Z]   P297: 200本 (2019-09-12 .. 2019-09-21)
[2026-07-05T02:26:41.945Z]   P298: 200本 (2019-09-04 .. 2019-09-12)
[2026-07-05T02:26:42.246Z]   P299: 200本 (2019-08-27 .. 2019-09-04)
[2026-07-05T02:26:42.545Z]   P300: 200本 (2019-08-18 .. 2019-08-26)
[2026-07-05T02:26:42.849Z]   P301: 200本 (2019-08-10 .. 2019-08-18)
[2026-07-05T02:26:43.139Z]   P302: 200本 (2019-08-01 .. 2019-08-10)
[2026-07-05T02:26:43.440Z]   P303: 200本 (2019-07-24 .. 2019-08-01)
[2026-07-05T02:26:43.744Z]   P304: 200本 (2019-07-16 .. 2019-07-24)
[2026-07-05T02:26:44.043Z]   P305: 135本 (2019-07-10 .. 2019-07-16)
[2026-07-05T02:26:44.330Z]   ✓ ページ305で空応答 → 終了
[2026-07-05T02:26:44.330Z]   計60935本取得
[2026-07-05T02:26:44.753Z]   ✓ BTCUSDT_1h.json 保存完了 (60935本)
[2026-07-05T02:26:44.754Z] 
【ETHUSDT 1h】candle実体ページング開始
[2026-07-05T02:26:44.791Z]   P1: 200本 (2026-06-26 .. 2026-07-05)
[2026-07-05T02:26:45.091Z]   P2: 200本 (2026-06-18 .. 2026-06-26)
[2026-07-05T02:26:45.387Z]   P3: 200本 (2026-06-10 .. 2026-06-18)
[2026-07-05T02:26:45.688Z]   P4: 200本 (2026-06-01 .. 2026-06-09)
[2026-07-05T02:26:45.978Z]   P5: 200本 (2026-05-24 .. 2026-06-01)
[2026-07-05T02:26:46.266Z]   P6: 200本 (2026-05-15 .. 2026-05-24)
[2026-07-05T02:26:46.567Z]   P7: 200本 (2026-05-07 .. 2026-05-15)
[2026-07-05T02:26:46.865Z]   P8: 200本 (2026-04-29 .. 2026-05-07)
[2026-07-05T02:26:47.165Z]   P9: 200本 (2026-04-20 .. 2026-04-29)
[2026-07-05T02:26:47.464Z]   P10: 200本 (2026-04-12 .. 2026-04-20)
[2026-07-05T02:26:47.766Z]   P11: 200本 (2026-04-04 .. 2026-04-12)
[2026-07-05T02:26:48.104Z]   P12: 200本 (2026-03-26 .. 2026-04-03)
[2026-07-05T02:26:48.406Z]   P13: 200本 (2026-03-18 .. 2026-03-26)
[2026-07-05T02:26:48.705Z]   P14: 200本 (2026-03-09 .. 2026-03-18)
[2026-07-05T02:26:49.003Z]   P15: 200本 (2026-03-01 .. 2026-03-09)
[2026-07-05T02:26:49.295Z]   P16: 200本 (2026-02-21 .. 2026-03-01)
[2026-07-05T02:26:49.597Z]   P17: 200本 (2026-02-12 .. 2026-02-21)
[2026-07-05T02:26:49.893Z]   P18: 200本 (2026-02-04 .. 2026-02-12)
[2026-07-05T02:26:50.212Z]   P19: 200本 (2026-01-27 .. 2026-02-04)
[2026-07-05T02:26:50.507Z]   P20: 200本 (2026-01-18 .. 2026-01-26)
[2026-07-05T02:26:50.804Z]   P21: 200本 (2026-01-10 .. 2026-01-18)
[2026-07-05T02:26:51.105Z]   P22: 200本 (2026-01-01 .. 2026-01-10)
[2026-07-05T02:26:51.405Z]   P23: 200本 (2025-12-24 .. 2026-01-01)
[2026-07-05T02:26:51.704Z]   P24: 200本 (2025-12-16 .. 2025-12-24)
[2026-07-05T02:26:52.006Z]   P25: 200本 (2025-12-07 .. 2025-12-16)
[2026-07-05T02:26:52.298Z]   P26: 200本 (2025-11-29 .. 2025-12-07)
[2026-07-05T02:26:52.590Z]   P27: 200本 (2025-11-21 .. 2025-11-29)
[2026-07-05T02:26:52.887Z]   P28: 200本 (2025-11-12 .. 2025-11-20)
[2026-07-05T02:26:53.193Z]   P29: 200本 (2025-11-04 .. 2025-11-12)
[2026-07-05T02:26:53.558Z]   P30: 200本 (2025-10-26 .. 2025-11-04)
[2026-07-05T02:26:53.863Z]   P31: 200本 (2025-10-18 .. 2025-10-26)
[2026-07-05T02:26:54.159Z]   P32: 200本 (2025-10-10 .. 2025-10-18)
[2026-07-05T02:26:54.464Z]   P33: 200本 (2025-10-01 .. 2025-10-10)
[2026-07-05T02:26:54.756Z]   P34: 200本 (2025-09-23 .. 2025-10-01)
[2026-07-05T02:26:55.058Z]   P35: 200本 (2025-09-15 .. 2025-09-23)
[2026-07-05T02:26:55.355Z]   P36: 200本 (2025-09-06 .. 2025-09-14)
[2026-07-05T02:26:55.657Z]   P37: 200本 (2025-08-29 .. 2025-09-06)
[2026-07-05T02:26:55.954Z]   P38: 200本 (2025-08-20 .. 2025-08-29)
[2026-07-05T02:26:56.258Z]   P39: 200本 (2025-08-12 .. 2025-08-20)
[2026-07-05T02:26:56.555Z]   P40: 200本 (2025-08-04 .. 2025-08-12)
[2026-07-05T02:26:56.852Z]   P41: 200本 (2025-07-26 .. 2025-08-04)
[2026-07-05T02:26:57.149Z]   P42: 200本 (2025-07-18 .. 2025-07-26)
[2026-07-05T02:26:57.448Z]   P43: 200本 (2025-07-10 .. 2025-07-18)
[2026-07-05T02:26:57.750Z]   P44: 200本 (2025-07-01 .. 2025-07-09)
[2026-07-05T02:26:58.035Z]   P45: 200本 (2025-06-23 .. 2025-07-01)
[2026-07-05T02:26:58.336Z]   P46: 200本 (2025-06-14 .. 2025-06-23)
[2026-07-05T02:26:58.632Z]   P47: 200本 (2025-06-06 .. 2025-06-14)
[2026-07-05T02:26:58.950Z]   P48: 200本 (2025-05-29 .. 2025-06-06)
[2026-07-05T02:26:59.246Z]   P49: 200本 (2025-05-20 .. 2025-05-29)
[2026-07-05T02:26:59.539Z]   P50: 200本 (2025-05-12 .. 2025-05-20)
[2026-07-05T02:26:59.841Z]   P51: 200本 (2025-05-04 .. 2025-05-12)
[2026-07-05T02:27:00.143Z]   P52: 200本 (2025-04-25 .. 2025-05-03)
[2026-07-05T02:27:00.441Z]   P53: 200本 (2025-04-17 .. 2025-04-25)
[2026-07-05T02:27:00.736Z]   P54: 200本 (2025-04-08 .. 2025-04-17)
[2026-07-05T02:27:01.037Z]   P55: 200本 (2025-03-31 .. 2025-04-08)
[2026-07-05T02:27:01.331Z]   P56: 200本 (2025-03-23 .. 2025-03-31)
[2026-07-05T02:27:01.622Z]   P57: 200本 (2025-03-14 .. 2025-03-23)
[2026-07-05T02:27:01.935Z]   P58: 200本 (2025-03-06 .. 2025-03-14)
[2026-07-05T02:27:02.234Z]   P59: 200本 (2025-02-26 .. 2025-03-06)
[2026-07-05T02:27:02.540Z]   P60: 200本 (2025-02-17 .. 2025-02-25)
[2026-07-05T02:27:02.838Z]   P61: 200本 (2025-02-09 .. 2025-02-17)
[2026-07-05T02:27:03.134Z]   P62: 200本 (2025-01-31 .. 2025-02-09)
[2026-07-05T02:27:03.441Z]   P63: 200本 (2025-01-23 .. 2025-01-31)
[2026-07-05T02:27:03.735Z]   P64: 200本 (2025-01-15 .. 2025-01-23)
[2026-07-05T02:27:04.030Z]   P65: 200本 (2025-01-06 .. 2025-01-15)
[2026-07-05T02:27:04.328Z]   P66: 200本 (2024-12-29 .. 2025-01-06)
[2026-07-05T02:27:04.628Z]   P67: 200本 (2024-12-21 .. 2024-12-29)
[2026-07-05T02:27:04.927Z]   P68: 200本 (2024-12-12 .. 2024-12-20)
[2026-07-05T02:27:05.234Z]   P69: 200本 (2024-12-04 .. 2024-12-12)
[2026-07-05T02:27:05.525Z]   P70: 200本 (2024-11-25 .. 2024-12-04)
[2026-07-05T02:27:05.825Z]   P71: 200本 (2024-11-17 .. 2024-11-25)
[2026-07-05T02:27:06.128Z]   P72: 200本 (2024-11-09 .. 2024-11-17)
[2026-07-05T02:27:06.425Z]   P73: 200本 (2024-10-31 .. 2024-11-09)
[2026-07-05T02:27:06.718Z]   P74: 200本 (2024-10-23 .. 2024-10-31)
[2026-07-05T02:27:07.020Z]   P75: 200本 (2024-10-15 .. 2024-10-23)
[2026-07-05T02:27:07.319Z]   P76: 200本 (2024-10-06 .. 2024-10-14)
[2026-07-05T02:27:07.614Z]   P77: 200本 (2024-09-28 .. 2024-10-06)
[2026-07-05T02:27:07.922Z]   P78: 200本 (2024-09-19 .. 2024-09-28)
[2026-07-05T02:27:08.216Z]   P79: 200本 (2024-09-11 .. 2024-09-19)
[2026-07-05T02:27:08.515Z]   P80: 200本 (2024-09-03 .. 2024-09-11)
[2026-07-05T02:27:08.815Z]   P81: 200本 (2024-08-25 .. 2024-09-03)
[2026-07-05T02:27:09.110Z]   P82: 200本 (2024-08-17 .. 2024-08-25)
[2026-07-05T02:27:09.404Z]   P83: 200本 (2024-08-09 .. 2024-08-17)
[2026-07-05T02:27:09.706Z]   P84: 200本 (2024-07-31 .. 2024-08-08)
[2026-07-05T02:27:10.005Z]   P85: 200本 (2024-07-23 .. 2024-07-31)
[2026-07-05T02:27:10.311Z]   P86: 200本 (2024-07-14 .. 2024-07-23)
[2026-07-05T02:27:10.609Z]   P87: 200本 (2024-07-06 .. 2024-07-14)
[2026-07-05T02:27:10.909Z]   P88: 200本 (2024-06-28 .. 2024-07-06)
[2026-07-05T02:27:11.208Z]   P89: 200本 (2024-06-19 .. 2024-06-28)
[2026-07-05T02:27:11.513Z]   P90: 200本 (2024-06-11 .. 2024-06-19)
[2026-07-05T02:27:11.810Z]   P91: 200本 (2024-06-03 .. 2024-06-11)
[2026-07-05T02:27:12.106Z]   P92: 200本 (2024-05-25 .. 2024-06-02)
[2026-07-05T02:27:12.404Z]   P93: 200本 (2024-05-17 .. 2024-05-25)
[2026-07-05T02:27:12.701Z]   P94: 200本 (2024-05-08 .. 2024-05-17)
[2026-07-05T02:27:13.001Z]   P95: 200本 (2024-04-30 .. 2024-05-08)
[2026-07-05T02:27:13.303Z]   P96: 200本 (2024-04-22 .. 2024-04-30)
[2026-07-05T02:27:13.599Z]   P97: 200本 (2024-04-13 .. 2024-04-22)
[2026-07-05T02:27:13.893Z]   P98: 200本 (2024-04-05 .. 2024-04-13)
[2026-07-05T02:27:14.185Z]   P99: 200本 (2024-03-28 .. 2024-04-05)
[2026-07-05T02:27:14.474Z]   P100: 200本 (2024-03-19 .. 2024-03-27)
[2026-07-05T02:27:14.774Z]   P101: 200本 (2024-03-11 .. 2024-03-19)
[2026-07-05T02:27:15.073Z]   P102: 200本 (2024-03-02 .. 2024-03-11)
[2026-07-05T02:27:15.376Z]   P103: 200本 (2024-02-23 .. 2024-03-02)
[2026-07-05T02:27:15.676Z]   P104: 200本 (2024-02-15 .. 2024-02-23)
[2026-07-05T02:27:15.973Z]   P105: 200本 (2024-02-06 .. 2024-02-15)
[2026-07-05T02:27:16.277Z]   P106: 200本 (2024-01-29 .. 2024-02-06)
[2026-07-05T02:27:16.572Z]   P107: 200本 (2024-01-21 .. 2024-01-29)
[2026-07-05T02:27:16.871Z]   P108: 200本 (2024-01-12 .. 2024-01-20)
[2026-07-05T02:27:17.167Z]   P109: 200本 (2024-01-04 .. 2024-01-12)
[2026-07-05T02:27:17.467Z]   P110: 200本 (2023-12-26 .. 2024-01-04)
[2026-07-05T02:27:17.767Z]   P111: 200本 (2023-12-18 .. 2023-12-26)
[2026-07-05T02:27:18.065Z]   P112: 200本 (2023-12-10 .. 2023-12-18)
[2026-07-05T02:27:18.358Z]   P113: 200本 (2023-12-01 .. 2023-12-10)
[2026-07-05T02:27:18.663Z]   P114: 200本 (2023-11-23 .. 2023-12-01)
[2026-07-05T02:27:18.961Z]   P115: 200本 (2023-11-15 .. 2023-11-23)
[2026-07-05T02:27:19.260Z]   P116: 200本 (2023-11-06 .. 2023-11-14)
[2026-07-05T02:27:19.556Z]   P117: 200本 (2023-10-29 .. 2023-11-06)
[2026-07-05T02:27:19.853Z]   P118: 200本 (2023-10-20 .. 2023-10-29)
[2026-07-05T02:27:20.160Z]   P119: 200本 (2023-10-12 .. 2023-10-20)
[2026-07-05T02:27:20.453Z]   P120: 200本 (2023-10-04 .. 2023-10-12)
[2026-07-05T02:27:20.754Z]   P121: 200本 (2023-09-25 .. 2023-10-04)
[2026-07-05T02:27:21.047Z]   P122: 200本 (2023-09-17 .. 2023-09-25)
[2026-07-05T02:27:21.419Z]   P123: 200本 (2023-09-09 .. 2023-09-17)
[2026-07-05T02:27:21.724Z]   P124: 200本 (2023-08-31 .. 2023-09-08)
[2026-07-05T02:27:22.029Z]   P125: 200本 (2023-08-23 .. 2023-08-31)
[2026-07-05T02:27:22.327Z]   P126: 200本 (2023-08-14 .. 2023-08-23)
[2026-07-05T02:27:22.625Z]   P127: 200本 (2023-08-06 .. 2023-08-14)
[2026-07-05T02:27:22.924Z]   P128: 200本 (2023-07-29 .. 2023-08-06)
[2026-07-05T02:27:23.220Z]   P129: 200本 (2023-07-20 .. 2023-07-29)
[2026-07-05T02:27:23.519Z]   P130: 200本 (2023-07-12 .. 2023-07-20)
[2026-07-05T02:27:23.817Z]   P131: 200本 (2023-07-04 .. 2023-07-12)
[2026-07-05T02:27:24.117Z]   P132: 200本 (2023-06-25 .. 2023-07-03)
[2026-07-05T02:27:24.431Z]   P133: 200本 (2023-06-17 .. 2023-06-25)
[2026-07-05T02:27:24.733Z]   P134: 200本 (2023-06-08 .. 2023-06-17)
[2026-07-05T02:27:25.029Z]   P135: 200本 (2023-05-31 .. 2023-06-08)
[2026-07-05T02:27:25.329Z]   P136: 200本 (2023-05-23 .. 2023-05-31)
[2026-07-05T02:27:25.630Z]   P137: 200本 (2023-05-14 .. 2023-05-23)
[2026-07-05T02:27:25.925Z]   P138: 200本 (2023-05-06 .. 2023-05-14)
[2026-07-05T02:27:26.240Z]   P139: 200本 (2023-04-28 .. 2023-05-06)
[2026-07-05T02:27:26.540Z]   P140: 200本 (2023-04-19 .. 2023-04-27)
[2026-07-05T02:27:26.843Z]   P141: 200本 (2023-04-11 .. 2023-04-19)
[2026-07-05T02:27:27.139Z]   P142: 200本 (2023-04-02 .. 2023-04-11)
[2026-07-05T02:27:27.438Z]   P143: 200本 (2023-03-25 .. 2023-04-02)
[2026-07-05T02:27:27.732Z]   P144: 200本 (2023-03-17 .. 2023-03-25)
[2026-07-05T02:27:28.027Z]   P145: 200本 (2023-03-08 .. 2023-03-17)
[2026-07-05T02:27:28.325Z]   P146: 200本 (2023-02-28 .. 2023-03-08)
[2026-07-05T02:27:28.627Z]   P147: 200本 (2023-02-20 .. 2023-02-28)
[2026-07-05T02:27:28.917Z]   P148: 200本 (2023-02-11 .. 2023-02-19)
[2026-07-05T02:27:29.214Z]   P149: 200本 (2023-02-03 .. 2023-02-11)
[2026-07-05T02:27:29.501Z]   P150: 200本 (2023-01-25 .. 2023-02-03)
[2026-07-05T02:27:29.801Z]   P151: 200本 (2023-01-17 .. 2023-01-25)
[2026-07-05T02:27:30.096Z]   P152: 200本 (2023-01-09 .. 2023-01-17)
[2026-07-05T02:27:30.393Z]   P153: 200本 (2022-12-31 .. 2023-01-09)
[2026-07-05T02:27:30.690Z]   P154: 200本 (2022-12-23 .. 2022-12-31)
[2026-07-05T02:27:30.984Z]   P155: 200本 (2022-12-15 .. 2022-12-23)
[2026-07-05T02:27:31.285Z]   P156: 200本 (2022-12-06 .. 2022-12-14)
[2026-07-05T02:27:31.580Z]   P157: 200本 (2022-11-28 .. 2022-12-06)
[2026-07-05T02:27:31.876Z]   P158: 200本 (2022-11-19 .. 2022-11-28)
[2026-07-05T02:27:32.178Z]   P159: 200本 (2022-11-11 .. 2022-11-19)
[2026-07-05T02:27:32.470Z]   P160: 200本 (2022-11-03 .. 2022-11-11)
[2026-07-05T02:27:32.769Z]   P161: 200本 (2022-10-25 .. 2022-11-03)
[2026-07-05T02:27:33.088Z]   P162: 200本 (2022-10-17 .. 2022-10-25)
[2026-07-05T02:27:33.382Z]   P163: 200本 (2022-10-09 .. 2022-10-17)
[2026-07-05T02:27:33.674Z]   P164: 200本 (2022-09-30 .. 2022-10-08)
[2026-07-05T02:27:33.972Z]   P165: 200本 (2022-09-22 .. 2022-09-30)
[2026-07-05T02:27:34.273Z]   P166: 200本 (2022-09-13 .. 2022-09-22)
[2026-07-05T02:27:34.564Z]   P167: 200本 (2022-09-05 .. 2022-09-13)
[2026-07-05T02:27:34.863Z]   P168: 200本 (2022-08-28 .. 2022-09-05)
[2026-07-05T02:27:35.167Z]   P169: 200本 (2022-08-19 .. 2022-08-28)
[2026-07-05T02:27:35.479Z]   P170: 200本 (2022-08-11 .. 2022-08-19)
[2026-07-05T02:27:35.896Z]   P171: 200本 (2022-08-03 .. 2022-08-11)
[2026-07-05T02:27:36.189Z]   P172: 200本 (2022-07-25 .. 2022-08-02)
[2026-07-05T02:27:36.482Z]   P173: 200本 (2022-07-17 .. 2022-07-25)
[2026-07-05T02:27:36.778Z]   P174: 200本 (2022-07-08 .. 2022-07-17)
[2026-07-05T02:27:37.076Z]   P175: 200本 (2022-06-30 .. 2022-07-08)
[2026-07-05T02:27:37.377Z]   P176: 200本 (2022-06-22 .. 2022-06-30)
[2026-07-05T02:27:37.674Z]   P177: 200本 (2022-06-13 .. 2022-06-22)
[2026-07-05T02:27:37.967Z]   P178: 200本 (2022-06-05 .. 2022-06-13)
[2026-07-05T02:27:38.267Z]   P179: 200本 (2022-05-28 .. 2022-06-05)
[2026-07-05T02:27:38.561Z]   P180: 200本 (2022-05-19 .. 2022-05-27)
[2026-07-05T02:27:38.862Z]   P181: 200本 (2022-05-11 .. 2022-05-19)
[2026-07-05T02:27:39.152Z]   P182: 200本 (2022-05-02 .. 2022-05-11)
[2026-07-05T02:27:39.452Z]   P183: 200本 (2022-04-24 .. 2022-05-02)
[2026-07-05T02:27:39.750Z]   P184: 200本 (2022-04-16 .. 2022-04-24)
[2026-07-05T02:27:40.047Z]   P185: 200本 (2022-04-07 .. 2022-04-16)
[2026-07-05T02:27:40.348Z]   P186: 200本 (2022-03-30 .. 2022-04-07)
[2026-07-05T02:27:40.649Z]   P187: 200本 (2022-03-22 .. 2022-03-30)
[2026-07-05T02:27:40.943Z]   P188: 200本 (2022-03-13 .. 2022-03-21)
[2026-07-05T02:27:41.241Z]   P189: 200本 (2022-03-05 .. 2022-03-13)
[2026-07-05T02:27:41.535Z]   P190: 200本 (2022-02-24 .. 2022-03-05)
[2026-07-05T02:27:41.834Z]   P191: 200本 (2022-02-16 .. 2022-02-24)
[2026-07-05T02:27:42.222Z]   P192: 200本 (2022-02-08 .. 2022-02-16)
[2026-07-05T02:27:42.517Z]   P193: 200本 (2022-01-30 .. 2022-02-08)
[2026-07-05T02:27:42.812Z]   P194: 200本 (2022-01-22 .. 2022-01-30)
[2026-07-05T02:27:43.125Z]   P195: 200本 (2022-01-14 .. 2022-01-22)
[2026-07-05T02:27:43.429Z]   P196: 200本 (2022-01-05 .. 2022-01-13)
[2026-07-05T02:27:43.733Z]   P197: 200本 (2021-12-28 .. 2022-01-05)
[2026-07-05T02:27:44.028Z]   P198: 200本 (2021-12-19 .. 2021-12-28)
[2026-07-05T02:27:44.332Z]   P199: 200本 (2021-12-11 .. 2021-12-19)
[2026-07-05T02:27:44.629Z]   P200: 200本 (2021-12-03 .. 2021-12-11)
[2026-07-05T02:27:44.928Z]   P201: 200本 (2021-11-24 .. 2021-12-03)
[2026-07-05T02:27:45.227Z]   P202: 200本 (2021-11-16 .. 2021-11-24)
[2026-07-05T02:27:45.523Z]   P203: 200本 (2021-11-08 .. 2021-11-16)
[2026-07-05T02:27:45.818Z]   P204: 200本 (2021-10-30 .. 2021-11-07)
[2026-07-05T02:27:46.111Z]   P205: 200本 (2021-10-22 .. 2021-10-30)
[2026-07-05T02:27:46.411Z]   P206: 200本 (2021-10-13 .. 2021-10-22)
[2026-07-05T02:27:46.713Z]   P207: 200本 (2021-10-05 .. 2021-10-13)
[2026-07-05T02:27:47.008Z]   P208: 200本 (2021-09-27 .. 2021-10-05)
[2026-07-05T02:27:47.303Z]   P209: 200本 (2021-09-18 .. 2021-09-27)
[2026-07-05T02:27:47.602Z]   P210: 200本 (2021-09-10 .. 2021-09-18)
[2026-07-05T02:27:47.901Z]   P211: 200本 (2021-09-02 .. 2021-09-10)
[2026-07-05T02:27:48.195Z]   P212: 200本 (2021-08-24 .. 2021-09-01)
[2026-07-05T02:27:48.489Z]   P213: 200本 (2021-08-16 .. 2021-08-24)
[2026-07-05T02:27:48.787Z]   P214: 200本 (2021-08-07 .. 2021-08-16)
[2026-07-05T02:27:49.088Z]   P215: 200本 (2021-07-30 .. 2021-08-07)
[2026-07-05T02:27:49.381Z]   P216: 200本 (2021-07-22 .. 2021-07-30)
[2026-07-05T02:27:49.679Z]   P217: 200本 (2021-07-13 .. 2021-07-22)
[2026-07-05T02:27:49.983Z]   P218: 200本 (2021-07-05 .. 2021-07-13)
[2026-07-05T02:27:50.276Z]   P219: 200本 (2021-06-27 .. 2021-07-05)
[2026-07-05T02:27:50.576Z]   P220: 200本 (2021-06-18 .. 2021-06-26)
[2026-07-05T02:27:50.880Z]   P221: 200本 (2021-06-10 .. 2021-06-18)
[2026-07-05T02:27:51.177Z]   P222: 200本 (2021-06-01 .. 2021-06-10)
[2026-07-05T02:27:51.475Z]   P223: 200本 (2021-05-24 .. 2021-06-01)
[2026-07-05T02:27:51.773Z]   P224: 200本 (2021-05-16 .. 2021-05-24)
[2026-07-05T02:27:52.072Z]   P225: 200本 (2021-05-07 .. 2021-05-16)
[2026-07-05T02:27:52.370Z]   P226: 200本 (2021-04-29 .. 2021-05-07)
[2026-07-05T02:27:52.669Z]   P227: 200本 (2021-04-21 .. 2021-04-29)
[2026-07-05T02:27:52.965Z]   P228: 200本 (2021-04-12 .. 2021-04-20)
[2026-07-05T02:27:53.263Z]   P229: 200本 (2021-04-04 .. 2021-04-12)
[2026-07-05T02:27:53.560Z]   P230: 200本 (2021-03-26 .. 2021-04-04)
[2026-07-05T02:27:53.856Z]   P231: 200本 (2021-03-18 .. 2021-03-26)
[2026-07-05T02:27:54.155Z]   P232: 200本 (2021-03-10 .. 2021-03-18)
[2026-07-05T02:27:54.458Z]   P233: 200本 (2021-03-01 .. 2021-03-10)
[2026-07-05T02:27:54.752Z]   P234: 200本 (2021-02-21 .. 2021-03-01)
[2026-07-05T02:27:55.053Z]   P235: 200本 (2021-02-13 .. 2021-02-21)
[2026-07-05T02:27:55.352Z]   P236: 200本 (2021-02-04 .. 2021-02-12)
[2026-07-05T02:27:55.652Z]   P237: 200本 (2021-01-27 .. 2021-02-04)
[2026-07-05T02:27:55.948Z]   P238: 200本 (2021-01-18 .. 2021-01-27)
[2026-07-05T02:27:56.248Z]   P239: 200本 (2021-01-10 .. 2021-01-18)
[2026-07-05T02:27:56.554Z]   P240: 200本 (2021-01-02 .. 2021-01-10)
[2026-07-05T02:27:56.853Z]   P241: 200本 (2020-12-24 .. 2021-01-02)
[2026-07-05T02:27:57.156Z]   P242: 200本 (2020-12-16 .. 2020-12-24)
[2026-07-05T02:27:57.462Z]   P243: 200本 (2020-12-08 .. 2020-12-16)
[2026-07-05T02:27:57.774Z]   P244: 200本 (2020-11-29 .. 2020-12-07)
[2026-07-05T02:27:58.072Z]   P245: 200本 (2020-11-21 .. 2020-11-29)
[2026-07-05T02:27:58.375Z]   P246: 200本 (2020-11-12 .. 2020-11-21)
[2026-07-05T02:27:58.675Z]   P247: 200本 (2020-11-04 .. 2020-11-12)
[2026-07-05T02:27:58.970Z]   P248: 200本 (2020-10-27 .. 2020-11-04)
[2026-07-05T02:27:59.274Z]   P249: 200本 (2020-10-18 .. 2020-10-27)
[2026-07-05T02:27:59.574Z]   P250: 200本 (2020-10-10 .. 2020-10-18)
[2026-07-05T02:27:59.868Z]   P251: 200本 (2020-10-02 .. 2020-10-10)
[2026-07-05T02:28:00.163Z]   P252: 200本 (2020-09-23 .. 2020-10-01)
[2026-07-05T02:28:00.465Z]   P253: 200本 (2020-09-15 .. 2020-09-23)
[2026-07-05T02:28:00.760Z]   P254: 200本 (2020-09-06 .. 2020-09-15)
[2026-07-05T02:28:01.061Z]   P255: 200本 (2020-08-29 .. 2020-09-06)
[2026-07-05T02:28:01.359Z]   P256: 200本 (2020-08-21 .. 2020-08-29)
[2026-07-05T02:28:01.661Z]   P257: 200本 (2020-08-12 .. 2020-08-21)
[2026-07-05T02:28:01.955Z]   P258: 200本 (2020-08-04 .. 2020-08-12)
[2026-07-05T02:28:02.256Z]   P259: 200本 (2020-07-27 .. 2020-08-04)
[2026-07-05T02:28:02.553Z]   P260: 200本 (2020-07-18 .. 2020-07-26)
[2026-07-05T02:28:02.863Z]   P261: 200本 (2020-07-10 .. 2020-07-18)
[2026-07-05T02:28:03.239Z]   P262: 200本 (2020-07-01 .. 2020-07-10)
[2026-07-05T02:28:03.547Z]   P263: 200本 (2020-06-23 .. 2020-07-01)
[2026-07-05T02:28:03.838Z]   P264: 200本 (2020-06-15 .. 2020-06-23)
[2026-07-05T02:28:04.142Z]   P265: 200本 (2020-06-06 .. 2020-06-15)
[2026-07-05T02:28:04.435Z]   P266: 200本 (2020-05-29 .. 2020-06-06)
[2026-07-05T02:28:04.739Z]   P267: 200本 (2020-05-21 .. 2020-05-29)
[2026-07-05T02:28:05.041Z]   P268: 200本 (2020-05-12 .. 2020-05-20)
[2026-07-05T02:28:05.335Z]   P269: 200本 (2020-05-04 .. 2020-05-12)
[2026-07-05T02:28:05.633Z]   P270: 200本 (2020-04-25 .. 2020-05-04)
[2026-07-05T02:28:05.934Z]   P271: 200本 (2020-04-17 .. 2020-04-25)
[2026-07-05T02:28:06.238Z]   P272: 200本 (2020-04-09 .. 2020-04-17)
[2026-07-05T02:28:06.530Z]   P273: 200本 (2020-03-31 .. 2020-04-09)
[2026-07-05T02:28:06.826Z]   P274: 200本 (2020-03-23 .. 2020-03-31)
[2026-07-05T02:28:07.126Z]   P275: 200本 (2020-03-15 .. 2020-03-23)
[2026-07-05T02:28:07.436Z]   P276: 200本 (2020-03-06 .. 2020-03-14)
[2026-07-05T02:28:07.740Z]   P277: 200本 (2020-02-27 .. 2020-03-06)
[2026-07-05T02:28:08.036Z]   P278: 200本 (2020-02-18 .. 2020-02-27)
[2026-07-05T02:28:08.334Z]   P279: 200本 (2020-02-10 .. 2020-02-18)
[2026-07-05T02:28:08.638Z]   P280: 200本 (2020-02-02 .. 2020-02-10)
[2026-07-05T02:28:08.933Z]   P281: 200本 (2020-01-24 .. 2020-02-02)
[2026-07-05T02:28:09.229Z]   P282: 200本 (2020-01-16 .. 2020-01-24)
[2026-07-05T02:28:09.583Z]   P283: 200本 (2020-01-08 .. 2020-01-16)
[2026-07-05T02:28:09.874Z]   P284: 200本 (2019-12-30 .. 2020-01-07)
[2026-07-05T02:28:10.174Z]   P285: 200本 (2019-12-22 .. 2019-12-30)
[2026-07-05T02:28:10.477Z]   P286: 200本 (2019-12-13 .. 2019-12-22)
[2026-07-05T02:28:10.779Z]   P287: 200本 (2019-12-05 .. 2019-12-13)
[2026-07-05T02:28:11.073Z]   P288: 200本 (2019-11-27 .. 2019-12-05)
[2026-07-05T02:28:11.372Z]   P289: 200本 (2019-11-18 .. 2019-11-27)
[2026-07-05T02:28:11.673Z]   P290: 200本 (2019-11-10 .. 2019-11-18)
[2026-07-05T02:28:11.967Z]   P291: 200本 (2019-11-02 .. 2019-11-10)
[2026-07-05T02:28:12.271Z]   P292: 200本 (2019-10-24 .. 2019-11-01)
[2026-07-05T02:28:12.567Z]   P293: 200本 (2019-10-16 .. 2019-10-24)
[2026-07-05T02:28:12.865Z]   P294: 200本 (2019-10-07 .. 2019-10-16)
[2026-07-05T02:28:13.166Z]   P295: 200本 (2019-09-29 .. 2019-10-07)
[2026-07-05T02:28:13.461Z]   P296: 200本 (2019-09-21 .. 2019-09-29)
[2026-07-05T02:28:13.760Z]   P297: 200本 (2019-09-12 .. 2019-09-21)
[2026-07-05T02:28:14.060Z]   P298: 200本 (2019-09-04 .. 2019-09-12)
[2026-07-05T02:28:14.357Z]   P299: 200本 (2019-08-27 .. 2019-09-04)
[2026-07-05T02:28:14.656Z]   P300: 200本 (2019-08-18 .. 2019-08-26)
[2026-07-05T02:28:14.953Z]   P301: 199本 (2019-08-10 .. 2019-08-18)
[2026-07-05T02:28:15.246Z]   ✓ ページ301で空応答 → 終了
[2026-07-05T02:28:15.246Z]   計60199本取得
[2026-07-05T02:28:15.339Z]   ✓ ETHUSDT_1h.json 保存完了 (60199本)
[2026-07-05T02:28:15.339Z] 
=== 実体化集計 ===

[2026-07-05T02:28:15.339Z] BTCUSDT: 60935本 (2019-07-10 .. 2026-07-05)
[2026-07-05T02:28:15.339Z] ETHUSDT: 60199本 (2019-08-10 .. 2026-07-05)